// Jest Snapshot v1, https://goo.gl/fbAQLP

exports[`<CounterApp /> page testing Should match with the snapshot  1`] = `
<div>
  <main>
    <h1>
      CounterApp
    </h1>
    <h2>
      100
    </h2>
    <button>
       +1
    </button>
    <button>
       -1
    </button>
    <button
      aria-label="btn-reset"
    >
       Reset
    </button>
  </main>
</div>
`;
