// Jest Snapshot v1, https://goo.gl/fbAQLP

exports[`FirstApp test Sholud Match with the snapshot 1`] = `
<div>
  <h1
    data-testid="test-title"
  >
    Hello World
  </h1>
  <h3>
    No subTitle
  </h3>
  <h3>
    No name
  </h3>
  <p>
    Lorem ipsum dolor sit amet consectetur adipisicing elit. Minus aperiam, rerum impedit repellendus delectus minima, eveniet quisquam eligendi tempore quaerat, deserunt tenetur fugiat doloremque nisi consequuntur pariatur quam adipisci facilis?
  </p>
</div>
`;
